// Jest Snapshot v1, https://goo.gl/fbAQLP

exports[`<TodoCard /> should render and match the snapshot 1`] = `
<Router
  location={
    Object {
      "hash": "",
      "key": "default",
      "pathname": "/",
      "search": "",
      "state": null,
    }
  }
  navigationType="POP"
  navigator={
    Object {
      "action": "POP",
      "back": [Function],
      "block": [Function],
      "createHref": [Function],
      "forward": [Function],
      "go": [Function],
      "listen": [Function],
      "location": Object {
        "hash": "",
        "key": "default",
        "pathname": "/",
        "search": "",
        "state": null,
      },
      "push": [Function],
      "replace": [Function],
    }
  }
>
  <TodoCard
    categories=""
    content="Content"
    dueDate={1999-08-02T00:00:00.000Z}
    onCompleteClick={[Function]}
    onDeleteClick={[Function]}
    onEditClick={[Function]}
    status="OPEN"
    title="Todo"
  />
</Router>
`;
